// Jest Snapshot v1, https://goo.gl/fbAQLP

exports[`AuthorInfo normal 1`] = `
<div class="columns is-centered">
  <div class="column is-10">
    <div class="box">
      <div class="media">
        <div class="media-left">
          <div class="image is-64x64"><a><img src="" width="128" height="128" loading="lazy" class="is-rounded"></a></div>
        </div>
        <div class="media-content">
          <div class="content is-small">
            <div class="title is-6"><a>
                Tester
              </a></div>
            <div class="subtitle is-6">
              <!---->
            </div>
            <p></p>
            <div class="level is-mobile">
              <div class="level-left">
                <!---->
                <!---->
                <!---->
              </div>
            </div>
          </div>
        </div>
      </div>
    </div>
  </div>
</div>
`;
