// Jest Snapshot v1, https://goo.gl/fbAQLP

exports[`PostsGroupedByYear normal 1`] = `
<ul>
  <li>
    <div class="oneline"><a><span class="has-text-grey">
          04/05
        </span> <span>title</span> <span class="has-text-grey excerpt">
          excerpt
        </span></a></div>
  </li>
</ul>
`;
